// Jest Snapshot v1, https://goo.gl/fbAQLP

exports[`FlatButton Component renders correctly 1`] = `
<View
  accessibilityState={
    {
      "busy": undefined,
      "checked": undefined,
      "disabled": undefined,
      "expanded": undefined,
      "selected": undefined,
    }
  }
  accessibilityValue={
    {
      "max": undefined,
      "min": undefined,
      "now": undefined,
      "text": undefined,
    }
  }
  accessible={true}
  collapsable={false}
  focusable={true}
  onBlur={[Function]}
  onClick={[Function]}
  onFocus={[Function]}
  onResponderGrant={[Function]}
  onResponderMove={[Function]}
  onResponderRelease={[Function]}
  onResponderTerminate={[Function]}
  onResponderTerminationRequest={[Function]}
  onStartShouldSetResponder={[Function]}
  style={
    [
      {
        "paddingHorizontal": 12,
        "paddingVertical": 6,
      },
      false,
    ]
  }
>
  <View>
    <Text
      style={
        {
          "color": "#f9beda",
          "textAlign": "center",
        }
      }
    >
      Hello
    </Text>
  </View>
</View>
`;
